// Jest Snapshot v1, https://goo.gl/fbAQLP

exports[`CopyButton matches snapshots 1`] = `
<button
  aria-describedby={null}
  className="components-button components-button--copy"
  onClick={[Function]}
  type="button"
>
  Copy
</button>
`;
