// Jest Snapshot v1, https://goo.gl/fbAQLP

exports[`RedirectToggle matches snapshot 1`] = `
<div
  className="selectable selectable--bottom"
>
  <div
    className="amp-setting-toggle "
  >
    <div
      className="components-base-control components-toggle-control"
    >
      <div
        className="components-base-control__field"
      >
        <span
          className="components-form-toggle is-checked"
        >
          <input
            checked={true}
            className="components-form-toggle__input"
            id="inspector-toggle-control-0"
            onChange={[Function]}
            type="checkbox"
          />
          <span
            className="components-form-toggle__track"
          />
          <span
            className="components-form-toggle__thumb"
          />
        </span>
        <label
          className="components-toggle-control__label"
          htmlFor="inspector-toggle-control-0"
        >
          <div
            className="amp-setting-toggle__label-text"
          >
            <h3>
              Redirect mobile visitors to AMP
            </h3>
          </div>
        </label>
      </div>
    </div>
  </div>
</div>
`;
