// Jest Snapshot v1, https://goo.gl/fbAQLP

exports[`ThemeCard matches snapshot 1`] = `
<li
  className="theme-card selectable selectable--bottom"
>
  <label
    className="theme-card__label"
    htmlFor="theme-card__theme-slug"
  >
    <div
      className="phone"
    >
      <img
        alt="Theme name"
        src="http://screenshot.jpeg"
      />
    </div>
    <div
      className="theme-card__label-header"
    >
      <input
        checked={false}
        id="theme-card__theme-slug"
        onChange={[Function]}
        type="radio"
      />
      <h2>
        Theme name
      </h2>
    </div>
    <p
      className="theme-card__description"
    >
      Theme card
    </p>
  </label>
  <p
    className="theme-card__theme-link"
  >
    <a
      href="http://mysite.com"
      rel="noreferrer noopener"
      target="_blank"
    >
      Learn more
    </a>
  </p>
</li>
`;
