// Jest Snapshot v1, https://goo.gl/fbAQLP

exports[`amp/amp-story-page block edit matches snapshot 1`] = `
<div
  style="background-repeat:no-repeat;background-size:cover"
>
  <div
    class="editor-inner-blocks block-editor-inner-blocks"
  />
</div>
`;
